D:\newwork\lab-safe-assistant-dify-rag\scripts\ingest_public_lab_safety_sources.py:405: XMLParsedAsHTMLWarning: It looks like you're using an HTML parser to parse an XML document.

Assuming this really is an XML document, what you're doing might work, but you should know that using an XML parser will be more reliable. To parse this document as XML, make sure you have the Python package 'lxml' installed, and pass the keyword argument `features="xml"` into the BeautifulSoup constructor.

If you want or need to use an HTML parser on this document, you can make this warning go away by filtering it. To do that, run this code before calling the BeautifulSoup constructor:

    from bs4 import XMLParsedAsHTMLWarning
    import warnings

    warnings.filterwarnings("ignore", category=XMLParsedAsHTMLWarning)

  soup = BeautifulSoup(blob, "lxml")
[ok] OSHA-1910-1450: chars=10769 rows=6
[ok] NIH-CSG: chars=63887 rows=60
[ok] NIH-CHP: chars=182641 rows=45
[ok] NIH-SEG: chars=12463 rows=17
[ok] NIH-GAS-CRYO: chars=43307 rows=24
[ok] NIH-PEROXIDE: chars=6312 rows=10
[ok] NIH-PYRO: chars=22659 rows=18
[ok] CDC-BMBL6: chars=1504692 rows=65
[ok] NIH-BMBL6: chars=1504280 rows=45
[ok] NIH-LASER: chars=31879 rows=25
[ok] NIH-LABCOAT: chars=18774 rows=12
[ok] NIH-ECP: chars=52134 rows=28
[ok] NCBI-PRUDENT-OVERVIEW: chars=75193 rows=38
[ok] NCBI-PRUDENT-GENERAL: chars=12402 rows=8
[ok] NCBI-PRUDENT-EQUIPMENT: chars=31396 rows=16
[ok] NCBI-PRUDENT-CHEMICAL: chars=157343 rows=45
[ok] CORNELL-LSM: chars=6086 rows=3
[ok] CORNELL-CHP: chars=17649 rows=13
[ok] YALE-CHP: chars=192611 rows=40
[ok] YALE-LASER-SOP: chars=5784 rows=4
[ok] YALE-HF: chars=1446 rows=0
[ok] BERKELEY-CHP: chars=8001 rows=7
[ok] BERKELEY-LSM: chars=88 rows=0
[ok] BERKELEY-BIOSAFETY: chars=384 rows=1
[ok] BERKELEY-LASER: chars=0 rows=0
[done] external public-source ingest completed
- sources: 25
- rows: 530
- csv: D:\newwork\lab-safe-assistant-dify-rag\release_exports\v10_external_sources\knowledge_base_external_import_ready.csv
- report: D:\newwork\lab-safe-assistant-dify-rag\release_exports\v10_external_sources\import_bundle_report_external.md
