[warn] generated rows below target: 1159 < 1200
[ok] OSHA-1910-1450: chars=10769 rows=6
[ok] NIH-CSG: chars=63887 rows=66
[ok] NIH-CHP: chars=182641 rows=80
[ok] NIH-SEG: chars=12463 rows=17
[ok] NIH-GAS-CRYO: chars=43307 rows=24
[ok] NIH-PEROXIDE: chars=6312 rows=10
[ok] NIH-PYRO: chars=22659 rows=18
[ok] NIH-COMPAT-STORAGE: chars=3714 rows=3
[ok] NIH-CABINET: chars=5052 rows=6
[ok] NIH-CRYOGEN-FS: chars=3691 rows=5
[ok] NIH-PHS: chars=7731 rows=9
[ok] NIH-DCM: chars=6446 rows=7
[ok] NIH-DCM-PLAN: chars=27890 rows=18
[ok] NIH-OEL: chars=2162 rows=4
[ok] NIH-FUME-HOOD-CLEAN: chars=5300 rows=8
[ok] NIH-LAB-SOP-TEMPLATE: chars=14854 rows=13
[ok] NIH-TOXIN: chars=5622 rows=7
[ok] NIH-INACTIVATION: chars=8102 rows=7
[ok] CDC-BMBL6: chars=1504692 rows=170
[ok] NIH-BMBL6: chars=1504280 rows=80
[ok] NIH-LASER: chars=31879 rows=25
[ok] NIH-LABCOAT: chars=18774 rows=12
[ok] NIH-ECP: chars=52134 rows=50
[ok] NCBI-PRUDENT-OVERVIEW: chars=75193 rows=43
[ok] NCBI-PRUDENT-GENERAL: chars=12402 rows=8
[ok] NCBI-PRUDENT-EQUIPMENT: chars=31396 rows=16
[ok] NCBI-PRUDENT-CHEMICAL: chars=157343 rows=67
[ok] CORNELL-LSM: chars=6086 rows=3
[ok] CORNELL-CHP: chars=17649 rows=13
[ok] CORNELL-BIOSAFETY-DOCS: chars=2701 rows=3
[ok] CORNELL-TRAINING-MATRIX: chars=4487 rows=8
[ok] CORNELL-LASER-PAGE: chars=2547 rows=2
[ok] CORNELL-SDS: chars=1639 rows=3
[ok] CORNELL-HW-MANUAL: chars=92739 rows=79
[ok] YALE-CHP: chars=192611 rows=80
[ok] YALE-LASER-SOP: chars=5784 rows=4
[ok] YALE-HF: chars=1446 rows=0
[ok] YALE-LAB-RULES: chars=1690 rows=0
[ok] YALE-MIN-PPE: chars=448 rows=0
[ok] YALE-BSC-POSTER: chars=4444 rows=1
[ok] YALE-NEEDLEBOX: chars=364 rows=0
[ok] YALE-WASTE-PLACE: chars=2168 rows=2
[ok] YALE-FUME-HOOD-NOTICE: chars=3013 rows=3
[ok] YALE-UNATTENDED: chars=845 rows=0
[ok] YALE-CHEM-APPROVAL: chars=12140 rows=8
[ok] YALE-GENE-DRIVE: chars=18213 rows=8
[ok] YALE-PPE-LABS: chars=11479 rows=10
[ok] YALE-SHOP-GUIDE: chars=23746 rows=7
[ok] YALE-STUDENT-SHOP: chars=1925 rows=3
[ok] YALE-ART-SAFETY: chars=23738 rows=9
[ok] BERKELEY-CHP: chars=8001 rows=7
[ok] BERKELEY-LSM: chars=7591 rows=7
[ok] BERKELEY-BIOSAFETY: chars=384 rows=1
[ok] BERKELEY-LASER: chars=2767 rows=1
[ok] MIT-CHEMICAL: chars=2993 rows=3
[ok] MIT-CHEM-HYGIENE: chars=8176 rows=6
[ok] STANFORD-CHEM-TOOLKIT: chars=3777 rows=1
[ok] STANFORD-CHEM-WASTE: chars=5591 rows=4
[ok] STANFORD-BIO-WASTE: chars=8794 rows=5
[ok] STANFORD-FUME-HOOD: chars=3293 rows=1
[ok] PRINCETON-CHEM-WASTE: chars=13584 rows=1
[ok] UW-CHEM-SAFETY: chars=4607 rows=5
[ok] UW-CHEM-WASTE: chars=14438 rows=13
[ok] UW-BIO-WASTE: chars=8624 rows=9
[ok] UW-FUME-HOODS: chars=7697 rows=8
[ok] UCSD-FUME-HOODS: chars=5617 rows=6
[ok] UCSD-EXTREME-WASTE: chars=20930 rows=14
[ok] UTEXAS-FUME-HOODS: chars=9175 rows=7
[ok] UTEXAS-CHEM-WASTE: chars=24884 rows=23
[ok] NCSU-FUME-HOODS: chars=2163 rows=1
[ok] NCSU-LAB-SECURITY: chars=3547 rows=3
[ok] NCSU-CHEM-HAZARDS: chars=2786 rows=1
[ok] NCSU-CHEM-WASTE: chars=8652 rows=7
[done] external public-source ingest completed
- sources: 73
- rows: 1159
- csv: D:\newwork\lab-safe-assistant-dify-rag\release_exports\v10_external_sources\knowledge_base_external_import_ready.csv
- report: D:\newwork\lab-safe-assistant-dify-rag\release_exports\v10_external_sources\import_bundle_report_external.md
