[1/54] ok 200 rows=6 OSHA-1910-1450 https://www.osha.gov/laws-regs/regulations/standardnumber/1910/1910.1450
[2/54] ok 200 rows=66 NIH-CSG https://ors.od.nih.gov/sr/dohs/Documents/chemical-safety-guide.pdf
[3/54] ok 200 rows=80 NIH-CHP https://ors.od.nih.gov/sr/dohs/Documents/chemical-hygiene-plan.pdf
[4/54] ok 200 rows=17 NIH-SEG https://ors.od.nih.gov/sr/dohs/Documents/chemical-segregation-and-storage.pdf
[5/54] ok 200 rows=24 NIH-GAS-CRYO https://ors.od.nih.gov/sr/dohs/Documents/compressed-gas-and-cryogen-safety-guidelines-document.pdf
[6/54] ok 200 rows=10 NIH-PEROXIDE https://ors.od.nih.gov/sr/dohs/Documents/managing-peroxide-formers-in-the-lab.pdf
[7/54] ok 200 rows=18 NIH-PYRO https://ors.od.nih.gov/sr/dohs/Documents/managing-pyrophoric-and-water-reactive-chemicals-in-the-laboratories.pdf
[8/54] ok 200 rows=3 NIH-COMPAT-STORAGE https://ors.od.nih.gov/sr/dohs/Documents/fact-sheet-on-compatible-chemical-storage.pdf
[9/54] ok 200 rows=6 NIH-CABINET https://ors.od.nih.gov/sr/dohs/Documents/fact-sheet-on-chemical-storage-cabinets.pdf
[10/54] ok 200 rows=5 NIH-CRYOGEN-FS https://ors.od.nih.gov/sr/dohs/Documents/cryogen-fact-sheet.pdf
[11/54] ok 200 rows=9 NIH-PHS https://ors.od.nih.gov/sr/dohs/Documents/particularly-hazardous-substances-phs.pdf
[12/54] ok 200 rows=7 NIH-DCM https://ors.od.nih.gov/sr/dohs/Documents/working-safely-with-dichloromethane.pdf
[13/54] ok 200 rows=18 NIH-DCM-PLAN https://ors.od.nih.gov/sr/dohs/Documents/nih-dichloromethane-health-and-safety-plan.pdf
[14/54] ok 200 rows=4 NIH-OEL https://ors.od.nih.gov/sr/dohs/Documents/occupational-exposure-limits-for-chemicals.pdf
[15/54] ok 200 rows=8 NIH-FUME-HOOD-CLEAN https://ors.od.nih.gov/sr/dohs/Documents/how-to-safely-clean-cfh-web.pdf
[16/54] ok 200 rows=13 NIH-LAB-SOP-TEMPLATE https://ors.od.nih.gov/sr/dohs/Documents/lab-specific-sop-template.pdf
[17/54] ok 200 rows=7 NIH-TOXIN https://ors.od.nih.gov/sr/dohs/Documents/exempt-toxin-program-requirements.pdf
[18/54] ok 200 rows=7 NIH-INACTIVATION https://ors.od.nih.gov/sr/dohs/Documents/inactivation-method-review-process.pdf
[19/54] ok 200 rows=170 CDC-BMBL6 https://www.cdc.gov/labs/pdf/SF__19_308133-A_BMBL6_00-BOOK-WEB-final-3.pdf
[20/54] ok 200 rows=80 NIH-BMBL6 https://ors.od.nih.gov/sr/dohs/Documents/biosafety-in-microbiological-and-biomedical-laboratories.PDF
[21/54] ok 200 rows=25 NIH-LASER https://ors.od.nih.gov/sr/dohs/Documents/laser-safety-program.pdf
[22/54] ok 200 rows=12 NIH-LABCOAT https://ors.od.nih.gov/sr/dohs/Documents/laboratory-coat-selection-guidance.pdf
[23/54] ok 200 rows=50 NIH-ECP https://ors.od.nih.gov/sr/dohs/Documents/exposure-control-plan.pdf
[24/54] ok 200 rows=43 NCBI-PRUDENT-OVERVIEW https://www.ncbi.nlm.nih.gov/books/NBK55873/
[25/54] ok 200 rows=8 NCBI-PRUDENT-GENERAL https://www.ncbi.nlm.nih.gov/books/NBK55878/
[26/54] ok 200 rows=16 NCBI-PRUDENT-EQUIPMENT https://www.ncbi.nlm.nih.gov/books/NBK55882/
[27/54] ok 200 rows=67 NCBI-PRUDENT-CHEMICAL https://www.ncbi.nlm.nih.gov/books/NBK55884/
[28/54] ok 200 rows=3 CORNELL-LSM https://ehs.cornell.edu/research-safety/chemical-safety/laboratory-safety-manual
[29/54] ok 200 rows=13 CORNELL-CHP https://ehs.cornell.edu/research-safety/chemical-safety/chemical-hygiene-plan
[30/54] ok 200 rows=3 CORNELL-BIOSAFETY-DOCS https://ehs.cornell.edu/research-safety/biosafety-biosecurity/biological-safety-manuals-and-other-documents
[31/54] ok 200 rows=8 CORNELL-TRAINING-MATRIX https://ehs.cornell.edu/research-safety/general-laboratory-safety/laboratory-safety-training-matrix
[32/54] ok 200 rows=2 CORNELL-LASER-PAGE https://ehs.cornell.edu/research-safety/radiation-safety/laser-safety
[33/54] ok 200 rows=3 CORNELL-SDS https://ehs.cornell.edu/research-safety/chemical-safety/safety-data-sheets-chemwatch
[34/54] ok 200 rows=79 CORNELL-HW-MANUAL https://ehs.cornell.edu/book/export/html/1261
[35/54] ok 200 rows=80 YALE-CHP https://ehs.yale.edu/sites/default/files/files/laboratory-chemical-hygiene-plan.pdf
[36/54] ok 200 rows=4 YALE-LASER-SOP https://ehs.yale.edu/sites/default/files/files/laser-sop.pdf
[37/54] ok 200 rows=0 YALE-HF https://ehs.yale.edu/sites/default/files/files/hydrofluoric-acid-exposure.pdf
[38/54] ok 200 rows=0 YALE-LAB-RULES https://ehs.yale.edu/sites/default/files/files/lab-safety-rules.pdf
[39/54] ok 200 rows=0 YALE-MIN-PPE https://ehs.yale.edu/sites/default/files/files/minimum-lab-ppe.pdf
[40/54] ok 200 rows=1 YALE-BSC-POSTER https://ehs.yale.edu/sites/default/files/files/biosafety-cabinet-poster.pdf
[41/54] ok 200 rows=0 YALE-NEEDLEBOX https://ehs.yale.edu/sites/default/files/files/needlebox-disposal.pdf
[42/54] ok 200 rows=2 YALE-WASTE-PLACE https://ehs.yale.edu/sites/default/files/files/waste-in-place.pdf
[43/54] ok 200 rows=3 YALE-FUME-HOOD-NOTICE https://ehs.yale.edu/sites/default/files/files/fume-hood-repair-notice.pdf
[44/54] ok 200 rows=0 YALE-UNATTENDED https://ehs.yale.edu/sites/default/files/files/unattended-operations.pdf
[45/54] ok 200 rows=8 YALE-CHEM-APPROVAL https://ehs.yale.edu/sites/default/files/files/chemicals-ehs-approval.pdf
[46/54] ok 200 rows=8 YALE-GENE-DRIVE https://ehs.yale.edu/sites/default/files/files/gene-drive-modified-organisms.pdf
[47/54] ok 200 rows=10 YALE-PPE-LABS https://ehs.yale.edu/sites/default/files/files/ppe-procedure-labs.pdf
[48/54] ok 200 rows=0 YALE-SHOP-GUIDE https://ehs.yale.edu/sites/default/files/files/shop-guidelines.pdf
[49/54] ok 200 rows=3 YALE-STUDENT-SHOP https://ehs.yale.edu/sites/default/files/files/student-shop-rules.pdf
[50/54] ok 200 rows=0 YALE-ART-SAFETY https://ehs.yale.edu/sites/default/files/files/art-safety-dos-donts.pdf
[51/54] ok 200 rows=7 BERKELEY-CHP https://ehs.berkeley.edu/safety-subjects/chemical-safety/chemical-hygiene-plan
[52/54] ok 200 rows=0 BERKELEY-LSM https://ehs.berkeley.edu/laboratory-safety-manual
[53/54] ok 200 rows=1 BERKELEY-BIOSAFETY https://ehs.berkeley.edu/publications/biological-safety-program-manual
[54/54] ok 200 rows=0 BERKELEY-LASER https://ehs.berkeley.edu/laser-safety-manual
[done] json=D:\newwork\lab-safe-assistant-dify-rag\artifacts\link_check_public_20260429\link_check_report.json
[done] md=D:\newwork\lab-safe-assistant-dify-rag\docs\eval\public_source_link_check_20260429.md
