[1/73] bad_status 403 rows=6 OSHA-1910-1450 https://www.osha.gov/laws-regs/regulations/standardnumber/1910/1910.1450
[2/73] ok 200 rows=66 NIH-CSG https://ors.od.nih.gov/sr/dohs/Documents/chemical-safety-guide.pdf
[3/73] ok 200 rows=80 NIH-CHP https://ors.od.nih.gov/sr/dohs/Documents/chemical-hygiene-plan.pdf
[4/73] ok 200 rows=17 NIH-SEG https://ors.od.nih.gov/sr/dohs/Documents/chemical-segregation-and-storage.pdf
[5/73] ok 200 rows=24 NIH-GAS-CRYO https://ors.od.nih.gov/sr/dohs/Documents/compressed-gas-and-cryogen-safety-guidelines-document.pdf
[6/73] ok 200 rows=10 NIH-PEROXIDE https://ors.od.nih.gov/sr/dohs/Documents/managing-peroxide-formers-in-the-lab.pdf
[7/73] ok 200 rows=18 NIH-PYRO https://ors.od.nih.gov/sr/dohs/Documents/managing-pyrophoric-and-water-reactive-chemicals-in-the-laboratories.pdf
[8/73] ok 200 rows=3 NIH-COMPAT-STORAGE https://ors.od.nih.gov/sr/dohs/Documents/fact-sheet-on-compatible-chemical-storage.pdf
[9/73] ok 200 rows=6 NIH-CABINET https://ors.od.nih.gov/sr/dohs/Documents/fact-sheet-on-chemical-storage-cabinets.pdf
[10/73] ok 200 rows=5 NIH-CRYOGEN-FS https://ors.od.nih.gov/sr/dohs/Documents/cryogen-fact-sheet.pdf
[11/73] ok 200 rows=9 NIH-PHS https://ors.od.nih.gov/sr/dohs/Documents/particularly-hazardous-substances-phs.pdf
[12/73] ok 200 rows=7 NIH-DCM https://ors.od.nih.gov/sr/dohs/Documents/working-safely-with-dichloromethane.pdf
[13/73] ok 200 rows=18 NIH-DCM-PLAN https://ors.od.nih.gov/sr/dohs/Documents/nih-dichloromethane-health-and-safety-plan.pdf
[14/73] ok 200 rows=4 NIH-OEL https://ors.od.nih.gov/sr/dohs/Documents/occupational-exposure-limits-for-chemicals.pdf
[15/73] ok 200 rows=8 NIH-FUME-HOOD-CLEAN https://ors.od.nih.gov/sr/dohs/Documents/how-to-safely-clean-cfh-web.pdf
[16/73] ok 200 rows=13 NIH-LAB-SOP-TEMPLATE https://ors.od.nih.gov/sr/dohs/Documents/lab-specific-sop-template.pdf
[17/73] ok 200 rows=7 NIH-TOXIN https://ors.od.nih.gov/sr/dohs/Documents/exempt-toxin-program-requirements.pdf
[18/73] ok 200 rows=7 NIH-INACTIVATION https://ors.od.nih.gov/sr/dohs/Documents/inactivation-method-review-process.pdf
[19/73] ok 200 rows=170 CDC-BMBL6 https://www.cdc.gov/labs/pdf/SF__19_308133-A_BMBL6_00-BOOK-WEB-final-3.pdf
[20/73] ok 200 rows=80 NIH-BMBL6 https://ors.od.nih.gov/sr/dohs/Documents/biosafety-in-microbiological-and-biomedical-laboratories.PDF
[21/73] ok 200 rows=25 NIH-LASER https://ors.od.nih.gov/sr/dohs/Documents/laser-safety-program.pdf
[22/73] ok 200 rows=12 NIH-LABCOAT https://ors.od.nih.gov/sr/dohs/Documents/laboratory-coat-selection-guidance.pdf
[23/73] ok 200 rows=50 NIH-ECP https://ors.od.nih.gov/sr/dohs/Documents/exposure-control-plan.pdf
[24/73] ok 200 rows=43 NCBI-PRUDENT-OVERVIEW https://www.ncbi.nlm.nih.gov/books/NBK55873/
[25/73] ok 200 rows=8 NCBI-PRUDENT-GENERAL https://www.ncbi.nlm.nih.gov/books/NBK55878/
[26/73] ok 200 rows=16 NCBI-PRUDENT-EQUIPMENT https://www.ncbi.nlm.nih.gov/books/NBK55882/
[27/73] error None rows=67 NCBI-PRUDENT-CHEMICAL https://www.ncbi.nlm.nih.gov/books/NBK55884/
[28/73] ok 200 rows=3 CORNELL-LSM https://ehs.cornell.edu/research-safety/chemical-safety/laboratory-safety-manual
[29/73] ok 200 rows=13 CORNELL-CHP https://ehs.cornell.edu/research-safety/chemical-safety/chemical-hygiene-plan
[30/73] ok 200 rows=3 CORNELL-BIOSAFETY-DOCS https://ehs.cornell.edu/research-safety/biosafety-biosecurity/biological-safety-manuals-and-other-documents
[31/73] ok 200 rows=8 CORNELL-TRAINING-MATRIX https://ehs.cornell.edu/research-safety/general-laboratory-safety/laboratory-safety-training-matrix
[32/73] ok 200 rows=2 CORNELL-LASER-PAGE https://ehs.cornell.edu/research-safety/radiation-safety/laser-safety
[33/73] ok 200 rows=3 CORNELL-SDS https://ehs.cornell.edu/research-safety/chemical-safety/safety-data-sheets-chemwatch
[34/73] ok 200 rows=79 CORNELL-HW-MANUAL https://ehs.cornell.edu/book/export/html/1261
[35/73] ok 200 rows=80 YALE-CHP https://ehs.yale.edu/sites/default/files/files/laboratory-chemical-hygiene-plan.pdf
[36/73] ok 200 rows=4 YALE-LASER-SOP https://ehs.yale.edu/sites/default/files/files/laser-sop.pdf
[37/73] ok 200 rows=0 YALE-HF https://ehs.yale.edu/sites/default/files/files/hydrofluoric-acid-exposure.pdf
[38/73] ok 200 rows=0 YALE-LAB-RULES https://ehs.yale.edu/sites/default/files/files/lab-safety-rules.pdf
[39/73] ok 200 rows=0 YALE-MIN-PPE https://ehs.yale.edu/sites/default/files/files/minimum-lab-ppe.pdf
[40/73] ok 200 rows=1 YALE-BSC-POSTER https://ehs.yale.edu/sites/default/files/files/biosafety-cabinet-poster.pdf
[41/73] ok 200 rows=0 YALE-NEEDLEBOX https://ehs.yale.edu/sites/default/files/files/needlebox-disposal.pdf
[42/73] ok 200 rows=2 YALE-WASTE-PLACE https://ehs.yale.edu/sites/default/files/files/waste-in-place.pdf
[43/73] ok 200 rows=3 YALE-FUME-HOOD-NOTICE https://ehs.yale.edu/sites/default/files/files/fume-hood-repair-notice.pdf
[44/73] ok 200 rows=0 YALE-UNATTENDED https://ehs.yale.edu/sites/default/files/files/unattended-operations.pdf
[45/73] ok 200 rows=8 YALE-CHEM-APPROVAL https://ehs.yale.edu/sites/default/files/files/chemicals-ehs-approval.pdf
[46/73] ok 200 rows=8 YALE-GENE-DRIVE https://ehs.yale.edu/sites/default/files/files/gene-drive-modified-organisms.pdf
[47/73] ok 200 rows=10 YALE-PPE-LABS https://ehs.yale.edu/sites/default/files/files/ppe-procedure-labs.pdf
[48/73] ok 200 rows=7 YALE-SHOP-GUIDE https://ehs.yale.edu/shop-tool-safety
[49/73] ok 200 rows=3 YALE-STUDENT-SHOP https://ehs.yale.edu/sites/default/files/files/student-shop-rules.pdf
[50/73] ok 200 rows=9 YALE-ART-SAFETY https://ehs.yale.edu/art-safety
[51/73] ok 200 rows=7 BERKELEY-CHP https://ehs.berkeley.edu/safety-subjects/chemical-safety/chemical-hygiene-plan
[52/73] ok 200 rows=7 BERKELEY-LSM https://ehs.berkeley.edu/laboratory-safety-manual
[53/73] ok 200 rows=1 BERKELEY-BIOSAFETY https://ehs.berkeley.edu/publications/biological-safety-program-manual
[54/73] ok 200 rows=1 BERKELEY-LASER https://ehs.berkeley.edu/laser-safety-manual
[55/73] ok 200 rows=3 MIT-CHEMICAL https://ehs.mit.edu/chemical-safety/
[56/73] ok 200 rows=6 MIT-CHEM-HYGIENE https://ehs.mit.edu/chemical-safety-program/chemical-hygiene/
[57/73] ok 200 rows=1 STANFORD-CHEM-TOOLKIT https://ehs.stanford.edu/forms-tools/laboratory-chemical-safety-toolkit
[58/73] ok 200 rows=4 STANFORD-CHEM-WASTE https://ehs.stanford.edu/topic/chemical-safety/chemical-waste-disposal
[59/73] ok 200 rows=5 STANFORD-BIO-WASTE https://ehs.stanford.edu/manual/biosafety-manual/waste
[60/73] ok 200 rows=1 STANFORD-FUME-HOOD https://ehs.stanford.edu/manual/laboratory-standard-design-guidelines/fume-hood-location
[61/73] ok 200 rows=1 PRINCETON-CHEM-WASTE https://ehs.princeton.edu/laboratory-research/chemical-waste-management
[62/73] ok 200 rows=5 UW-CHEM-SAFETY https://www.ehs.washington.edu/chemical/chemical-safety
[63/73] ok 200 rows=13 UW-CHEM-WASTE https://www.ehs.washington.edu/chemical/chemical-waste
[64/73] ok 200 rows=9 UW-BIO-WASTE https://www.ehs.washington.edu/biological/biohazardous-waste
[65/73] ok 200 rows=8 UW-FUME-HOODS https://www.ehs.washington.edu/research-lab/fume-hoods-use-inspection-and-maintenance
[66/73] ok 200 rows=6 UCSD-FUME-HOODS https://blink.ucsd.edu/safety/research-lab/chemical/hoods/
[67/73] ok 200 rows=14 UCSD-EXTREME-WASTE https://blink.ucsd.edu/safety/research-lab/hazardous-waste/disposal-guidance/extremely.html
[68/73] ok 200 rows=7 UTEXAS-FUME-HOODS https://ehs.utexas.edu/working-safely/equipment-safety/fume-hoods
[69/73] ok 200 rows=23 UTEXAS-CHEM-WASTE https://ehs.utexas.edu/environment-waste/waste-management/chemical-waste
[70/73] ok 200 rows=1 NCSU-FUME-HOODS https://ehs.ncsu.edu/laboratory/fume-hoods/
[71/73] ok 200 rows=3 NCSU-LAB-SECURITY https://ehs.ncsu.edu/laboratory-safety/laboratory-security-and-safety-guidelines/
[72/73] ok 200 rows=1 NCSU-CHEM-HAZARDS https://ehs.ncsu.edu/laboratory-safety/secondary-safety-contact/chemical-hazards-ssc/
[73/73] ok 200 rows=7 NCSU-CHEM-WASTE https://ehs.ncsu.edu/home-page-info/environmental-affairs/chemical-waste/
[done] json=D:\newwork\lab-safe-assistant-dify-rag\artifacts\link_check_public_20260429\link_check_report.json
[done] md=D:\newwork\lab-safe-assistant-dify-rag\docs\eval\public_source_link_check_20260429.md
